// Jest Snapshot v1, https://goo.gl/fbAQLP

exports[`NewsCard Component Rendering matches snapshot 1`] = `
<div>
  <div
    class="MuiPaper-root MuiPaper-elevation MuiPaper-rounded MuiPaper-elevation1 MuiCard-root css-hfmelv-MuiPaper-root-MuiCard-root"
  >
    <img
      alt="Test Article Title"
      class="MuiBox-root css-1vw9icj"
      src="test-article-image.jpg"
    />
    <div
      class="MuiCardContent-root css-1s26ozh-MuiCardContent-root"
    >
      <div
        class="MuiStack-root css-wubis5-MuiStack-root"
      >
        <div
          class="MuiBox-root css-ihzesa"
        >
          Technology
        </div>
        <span
          class="MuiTypography-root MuiTypography-caption css-q1bd3a-MuiTypography-root"
        >
          15 January 2025
        </span>
      </div>
      <h6
        class="MuiTypography-root MuiTypography-h6 css-cfg9cx-MuiTypography-root"
      >
        Test Article Title
      </h6>
      <p
        class="MuiTypography-root MuiTypography-body2 css-t5pgew-MuiTypography-root"
      >
        Read more about this topic and explore insights from our community experts.
      </p>
    </div>
    <div
      class="MuiCardActions-root MuiCardActions-spacing css-13gstjs-MuiCardActions-root"
    >
      <button
        class="MuiButtonBase-root MuiButton-root MuiButton-contained MuiButton-containedInfo MuiButton-sizeLarge MuiButton-containedSizeLarge MuiButton-colorInfo MuiButton-root MuiButton-contained MuiButton-containedInfo MuiButton-sizeLarge MuiButton-containedSizeLarge MuiButton-colorInfo css-1ubbeta-MuiButtonBase-root-MuiButton-root"
        tabindex="0"
        type="button"
      >
        Read Article
        <span
          class="MuiButton-icon MuiButton-endIcon MuiButton-iconSizeLarge css-z4rqyd-MuiButton-endIcon"
        >
          <svg
            aria-hidden="true"
            class="MuiSvgIcon-root MuiSvgIcon-fontSizeMedium css-i4bv87-MuiSvgIcon-root"
            data-testid="ArrowForwardIcon"
            focusable="false"
            viewBox="0 0 24 24"
          >
            <path
              d="m12 4-1.41 1.41L16.17 11H4v2h12.17l-5.58 5.59L12 20l8-8z"
            />
          </svg>
        </span>
        <span
          class="MuiTouchRipple-root css-8je8zh-MuiTouchRipple-root"
        />
      </button>
    </div>
  </div>
</div>
`;
